The '--headless' CLI argument is deprecated. Omit '--viz' for default headless. If config visualizers are enabled and you want to force headless, use '--viz none'.
WARNING: All log messages before absl::InitializeLog() is called are written to STDERR
E0000 00:00:1788246221.298189   42369 descriptor_database.cc:633] File already exists in database: grpc/health/v1/health.proto
W0000 00:00:1788246221.298212   42369 message.cc:301] Protobuf GeneratedMessageFactory: File is already registered: grpc/health/v1/health.proto
[ISAACLAB] AppLauncher initialization complete
[INFO]: Base environment:
	Environment device    : cuda:0
	Environment seed      : 20260901
	Physics step-size     : 0.008333333333333333
	Rendering step-size   : 0.05
	Environment step-size : 0.05
[INFO]: Registered backend 'physx' for factory Articulation.
[INFO] Robot /World/envs/env_0/Robot/m0609/m0609: 폴리싱 디스크 생성 완료 → /World/envs/env_0/Robot/m0609/m0609/polishing_contact_pad
[INFO]: Registered backend 'physx' for factory ContactSensor.
[INFO]: Time taken for scene creation Last: 1.024418 s, Mean: 1.024418 s, Std: 0.000000 s, N: 1
[INFO]: Scene manager:  <class InteractiveScene>
	Number of environments: 4
	Environment spacing   : 1.6
	Source prim name      : /World/envs/env_0
	Global prim paths     : []
	Replicate physics     : True
[INFO]: Starting the simulation. This may take a few seconds. Please wait...
[INFO]: Simulation parameters for joints in /World/envs/env_.*/Robot:
+--------------------------------------------------------------------------------------------------------------------------------------------------------------------+
|                                                 Simulation Joint Information (Prim path: /World/envs/env_.*/Robot)                                                 |
+-------+-----------+-----------+---------+----------+-----------------+------------------+------------------+---------------------+-----------------+---------------+
| Index | Name      | Stiffness | Damping | Armature | Static Friction | Dynamic Friction | Viscous Friction |   Position Limits   | Velocity Limits | Effort Limits |
+-------+-----------+-----------+---------+----------+-----------------+------------------+------------------+---------------------+-----------------+---------------+
|   0   | joint_1   |  1.0e+04  | 500.000 |  0.000   |      0.000      |      0.000       |      0.000       |   [-6.283, 6.283]   |      2.618      |    9.6e+03    |
|   1   | joint_2   |  1.0e+04  | 500.000 |  0.000   |      0.000      |      0.000       |      0.000       |   [-6.283, 6.283]   |      2.618      |    9.6e+03    |
|   2   | joint_3   |  1.0e+04  | 500.000 |  0.000   |      0.000      |      0.000       |      0.000       |   [-2.618, 2.618]   |      3.142      |    5.4e+03    |
|   3   | joint_4   |  1.0e+04  | 500.000 |  0.000   |      0.000      |      0.000       |      0.000       |   [-6.283, 6.283]   |      3.927      |    2.7e+03    |
|   4   | joint_5   |  1.0e+04  | 500.000 |  0.000   |      0.000      |      0.000       |      0.000       |   [-6.283, 6.283]   |      3.927      |    2.7e+03    |
|   5   | joint_6   |  1.0e+04  | 500.000 |  0.000   |      0.000      |      0.000       |      0.000       |   [-6.283, 6.283]   |      3.927      |    2.7e+03    |
|   6   | pad_joint |  2.0e+03  | 100.000 |  0.000   |      0.000      |      0.000       |      0.000       | [-3.4e+38, 3.4e+38] |     104.720     |    100.000    |
+-------+-----------+-----------+---------+----------+-----------------+------------------+------------------+---------------------+-----------------+---------------+
[INFO]: Time taken for simulation start Last: 0.748004 s, Mean: 0.748004 s, Std: 0.000000 s, N: 1
[INFO]: Completed setting up the environment...
[RobotPolishEnv] robot feed override 5.946 -> 12.700 mm/s (policy range 6.350~19.050 mm/s)
[RobotPolishEnv] v5 M0609+pad coupled | link_6 contact offset=[-0.0025 -0.02    0.0448] m
[FactoryPlanarRoiPolishEnv] Gate C so=0.40 edge=balanced_extend5 direction=same_xx path=2.100m
[GateF7CurvedObservationEnv] mode=base14 obs_dim=14
[Gate F10-G] curvature_safety/flat/same_xx step=1000 complete=0/4
[Gate F10-G] curvature_safety/flat/same_xx step=2000 complete=0/4
[Gate F10-G] curvature_safety/flat/same_xx step=3000 complete=0/4
[Gate F10-G] curvature_safety/flat/same_xx step=4000 complete=1/4
[Gate F10-G] curvature_safety/flat/same_xx step=5000 complete=3/4
{
  "all_finite": true,
  "checkpoint": "/home/rokey/cacadaca/learning/rl/robot/releases/gate_e7_seed1_it211_20260831_201801/model_gate_e7_seed1_it211.pt",
  "checkpoint_sha256": "c733763bfebd7fcead01cf2574bbd1621c4660b9347143cccb35e0e83449d052",
  "completed": 4,
  "created_utc": "2026-09-01T07:08:06.671179+00:00",
  "curvature_radius_m": 0.6,
  "diagnostic_version": "gate_e6_local_window_area_v1",
  "direction_mode": "same_xx",
  "envs_per_profile": 1,
  "expected": 4,
  "gate": "F10G_CURVATURE_SAFETY",
  "observation_mode": "base14",
  "path": {
    "direction_mode": "same_xx",
    "edge_mode": "balanced_extend5",
    "lines_per_sweep": 5,
    "path_length_m": 2.1,
    "path_mode": "gate_c",
    "step_over_m": 0.044000000000000004,
    "step_over_ratio": 0.4,
    "sweeps": 2
  },
  "physics_seed": 20260901,
  "policy_seed": 20260831,
  "profiles": [
    "legacy_stress",
    "factory_prepolish",
    "factory_prepolish_deep_defect",
    "factory_prepolish_deep_stress"
  ],
  "safety_interface": "F10F_CURVATURE_SAFETY",
  "saved_iteration": 211,
  "shield_mode": "curvature_safety",
  "surface_kind": "flat",
  "surface_seed_base": 40000,
  "tile_rows": 100,
  "training_performed": false
}
[INFO]: SimulationContext cleared
Loading user config located at: '/home/rokey/isaacsim-6.0.1/kit/data/Kit/IsaacLab/3.0/user.config.json'
2026-09-01T07:03:41Z [0ms] [Warning] [omni.ext.plugin] [ext: isaaclab_visualizers] Extensions config 'extension.toml' doesn't exist '/home/rokey/IsaacLab/source/isaaclab_visualizers' or '/home/rokey/IsaacLab/source/isaaclab_visualizers/config'
2026-09-01T07:03:41Z [382ms] [Warning] [omni.usd_config.extension] Enable omni.materialx.libs extension to use MaterialX
2026-09-01T07:03:45Z [4,193ms] [Warning] [isaaclab_physx.physics.physx_manager] TGS solver with enable_external_forces_every_iteration=False may cause noisy velocities.
2026-09-01T07:03:45Z [4,314ms] [Warning] [omni.usd] Encountered USD Warnings but USD Diagnostics are currently muted. To view USD Warnings, please set the '/persistent/app/usd/muteUsdDiagnostics' setting to false in Preferences page.
2026-09-01T07:03:47Z [5,819ms] [Warning] [usdrt.population.plugin] Last global time was not created. Did you call setEnableUsdNoticeHandling?
The '--headless' CLI argument is deprecated. Omit '--viz' for default headless. If config visualizers are enabled and you want to force headless, use '--viz none'.
WARNING: All log messages before absl::InitializeLog() is called are written to STDERR
E0000 00:00:1788246487.284960   42868 descriptor_database.cc:633] File already exists in database: grpc/health/v1/health.proto
W0000 00:00:1788246487.284984   42868 message.cc:301] Protobuf GeneratedMessageFactory: File is already registered: grpc/health/v1/health.proto
[ISAACLAB] AppLauncher initialization complete
[INFO]: Base environment:
	Environment device    : cuda:0
	Environment seed      : 20260901
	Physics step-size     : 0.008333333333333333
	Rendering step-size   : 0.05
	Environment step-size : 0.05
[INFO]: Registered backend 'physx' for factory Articulation.
[INFO] Robot /World/envs/env_0/Robot/m0609/m0609: 폴리싱 디스크 생성 완료 → /World/envs/env_0/Robot/m0609/m0609/polishing_contact_pad
[INFO]: Registered backend 'physx' for factory ContactSensor.
[INFO]: Time taken for scene creation Last: 1.032601 s, Mean: 1.032601 s, Std: 0.000000 s, N: 1
[INFO]: Scene manager:  <class InteractiveScene>
	Number of environments: 4
	Environment spacing   : 1.6
	Source prim name      : /World/envs/env_0
	Global prim paths     : []
	Replicate physics     : True
[INFO]: Starting the simulation. This may take a few seconds. Please wait...
[INFO]: Simulation parameters for joints in /World/envs/env_.*/Robot:
+--------------------------------------------------------------------------------------------------------------------------------------------------------------------+
|                                                 Simulation Joint Information (Prim path: /World/envs/env_.*/Robot)                                                 |
+-------+-----------+-----------+---------+----------+-----------------+------------------+------------------+---------------------+-----------------+---------------+
| Index | Name      | Stiffness | Damping | Armature | Static Friction | Dynamic Friction | Viscous Friction |   Position Limits   | Velocity Limits | Effort Limits |
+-------+-----------+-----------+---------+----------+-----------------+------------------+------------------+---------------------+-----------------+---------------+
|   0   | joint_1   |  1.0e+04  | 500.000 |  0.000   |      0.000      |      0.000       |      0.000       |   [-6.283, 6.283]   |      2.618      |    9.6e+03    |
|   1   | joint_2   |  1.0e+04  | 500.000 |  0.000   |      0.000      |      0.000       |      0.000       |   [-6.283, 6.283]   |      2.618      |    9.6e+03    |
|   2   | joint_3   |  1.0e+04  | 500.000 |  0.000   |      0.000      |      0.000       |      0.000       |   [-2.618, 2.618]   |      3.142      |    5.4e+03    |
|   3   | joint_4   |  1.0e+04  | 500.000 |  0.000   |      0.000      |      0.000       |      0.000       |   [-6.283, 6.283]   |      3.927      |    2.7e+03    |
|   4   | joint_5   |  1.0e+04  | 500.000 |  0.000   |      0.000      |      0.000       |      0.000       |   [-6.283, 6.283]   |      3.927      |    2.7e+03    |
|   5   | joint_6   |  1.0e+04  | 500.000 |  0.000   |      0.000      |      0.000       |      0.000       |   [-6.283, 6.283]   |      3.927      |    2.7e+03    |
|   6   | pad_joint |  2.0e+03  | 100.000 |  0.000   |      0.000      |      0.000       |      0.000       | [-3.4e+38, 3.4e+38] |     104.720     |    100.000    |
+-------+-----------+-----------+---------+----------+-----------------+------------------+------------------+---------------------+-----------------+---------------+
[INFO]: Time taken for simulation start Last: 0.763412 s, Mean: 0.763412 s, Std: 0.000000 s, N: 1
[INFO]: Completed setting up the environment...
[RobotPolishEnv] robot feed override 5.946 -> 12.700 mm/s (policy range 6.350~19.050 mm/s)
[RobotPolishEnv] v5 M0609+pad coupled | link_6 contact offset=[-0.0025 -0.02    0.0448] m
[FactoryPlanarRoiPolishEnv] Gate C so=0.40 edge=balanced_extend5 direction=cross_xy path=2.100m
[GateF7CurvedObservationEnv] mode=base14 obs_dim=14
[Gate F10-G] curvature_safety/flat/cross_xy step=1000 complete=0/4
[Gate F10-G] curvature_safety/flat/cross_xy step=2000 complete=0/4
[Gate F10-G] curvature_safety/flat/cross_xy step=3000 complete=0/4
[Gate F10-G] curvature_safety/flat/cross_xy step=4000 complete=1/4
[Gate F10-G] curvature_safety/flat/cross_xy step=5000 complete=3/4
{
  "all_finite": true,
  "checkpoint": "/home/rokey/cacadaca/learning/rl/robot/releases/gate_e7_seed1_it211_20260831_201801/model_gate_e7_seed1_it211.pt",
  "checkpoint_sha256": "c733763bfebd7fcead01cf2574bbd1621c4660b9347143cccb35e0e83449d052",
  "completed": 4,
  "created_utc": "2026-09-01T07:12:43.778407+00:00",
  "curvature_radius_m": 0.6,
  "diagnostic_version": "gate_e6_local_window_area_v1",
  "direction_mode": "cross_xy",
  "envs_per_profile": 1,
  "expected": 4,
  "gate": "F10G_CURVATURE_SAFETY",
  "observation_mode": "base14",
  "path": {
    "direction_mode": "cross_xy",
    "edge_mode": "balanced_extend5",
    "lines_per_sweep": 5,
    "path_length_m": 2.1,
    "path_mode": "gate_c",
    "step_over_m": 0.044000000000000004,
    "step_over_ratio": 0.4,
    "sweeps": 2
  },
  "physics_seed": 20260901,
  "policy_seed": 20260831,
  "profiles": [
    "legacy_stress",
    "factory_prepolish",
    "factory_prepolish_deep_defect",
    "factory_prepolish_deep_stress"
  ],
  "safety_interface": "F10F_CURVATURE_SAFETY",
  "saved_iteration": 211,
  "shield_mode": "curvature_safety",
  "surface_kind": "flat",
  "surface_seed_base": 40000,
  "tile_rows": 100,
  "training_performed": false
}
[INFO]: SimulationContext cleared
Loading user config located at: '/home/rokey/isaacsim-6.0.1/kit/data/Kit/IsaacLab/3.0/user.config.json'
2026-09-01T07:08:07Z [0ms] [Warning] [omni.ext.plugin] [ext: isaaclab_visualizers] Extensions config 'extension.toml' doesn't exist '/home/rokey/IsaacLab/source/isaaclab_visualizers' or '/home/rokey/IsaacLab/source/isaaclab_visualizers/config'
2026-09-01T07:08:07Z [396ms] [Warning] [omni.usd_config.extension] Enable omni.materialx.libs extension to use MaterialX
2026-09-01T07:08:11Z [4,217ms] [Warning] [isaaclab_physx.physics.physx_manager] TGS solver with enable_external_forces_every_iteration=False may cause noisy velocities.
2026-09-01T07:08:11Z [4,338ms] [Warning] [omni.usd] Encountered USD Warnings but USD Diagnostics are currently muted. To view USD Warnings, please set the '/persistent/app/usd/muteUsdDiagnostics' setting to false in Preferences page.
2026-09-01T07:08:13Z [5,865ms] [Warning] [usdrt.population.plugin] Last global time was not created. Did you call setEnableUsdNoticeHandling?
The '--headless' CLI argument is deprecated. Omit '--viz' for default headless. If config visualizers are enabled and you want to force headless, use '--viz none'.
WARNING: All log messages before absl::InitializeLog() is called are written to STDERR
E0000 00:00:1788246764.373726   43389 descriptor_database.cc:633] File already exists in database: grpc/health/v1/health.proto
W0000 00:00:1788246764.373751   43389 message.cc:301] Protobuf GeneratedMessageFactory: File is already registered: grpc/health/v1/health.proto
[ISAACLAB] AppLauncher initialization complete
[INFO]: Base environment:
	Environment device    : cuda:0
	Environment seed      : 20260901
	Physics step-size     : 0.008333333333333333
	Rendering step-size   : 0.05
	Environment step-size : 0.05
[INFO]: Registered backend 'physx' for factory Articulation.
[INFO] Robot /World/envs/env_0/Robot/m0609/m0609: 폴리싱 디스크 생성 완료 → /World/envs/env_0/Robot/m0609/m0609/polishing_contact_pad
[INFO]: Registered backend 'physx' for factory ContactSensor.
[INFO]: Time taken for scene creation Last: 1.418021 s, Mean: 1.418021 s, Std: 0.000000 s, N: 1
[INFO]: Scene manager:  <class InteractiveScene>
	Number of environments: 4
	Environment spacing   : 1.6
	Source prim name      : /World/envs/env_0
	Global prim paths     : []
	Replicate physics     : True
[INFO]: Starting the simulation. This may take a few seconds. Please wait...
[INFO]: Simulation parameters for joints in /World/envs/env_.*/Robot:
+--------------------------------------------------------------------------------------------------------------------------------------------------------------------+
|                                                 Simulation Joint Information (Prim path: /World/envs/env_.*/Robot)                                                 |
+-------+-----------+-----------+---------+----------+-----------------+------------------+------------------+---------------------+-----------------+---------------+
| Index | Name      | Stiffness | Damping | Armature | Static Friction | Dynamic Friction | Viscous Friction |   Position Limits   | Velocity Limits | Effort Limits |
+-------+-----------+-----------+---------+----------+-----------------+------------------+------------------+---------------------+-----------------+---------------+
|   0   | joint_1   |  1.0e+04  | 500.000 |  0.000   |      0.000      |      0.000       |      0.000       |   [-6.283, 6.283]   |      2.618      |    9.6e+03    |
|   1   | joint_2   |  1.0e+04  | 500.000 |  0.000   |      0.000      |      0.000       |      0.000       |   [-6.283, 6.283]   |      2.618      |    9.6e+03    |
|   2   | joint_3   |  1.0e+04  | 500.000 |  0.000   |      0.000      |      0.000       |      0.000       |   [-2.618, 2.618]   |      3.142      |    5.4e+03    |
|   3   | joint_4   |  1.0e+04  | 500.000 |  0.000   |      0.000      |      0.000       |      0.000       |   [-6.283, 6.283]   |      3.927      |    2.7e+03    |
|   4   | joint_5   |  1.0e+04  | 500.000 |  0.000   |      0.000      |      0.000       |      0.000       |   [-6.283, 6.283]   |      3.927      |    2.7e+03    |
|   5   | joint_6   |  1.0e+04  | 500.000 |  0.000   |      0.000      |      0.000       |      0.000       |   [-6.283, 6.283]   |      3.927      |    2.7e+03    |
|   6   | pad_joint |  2.0e+03  | 100.000 |  0.000   |      0.000      |      0.000       |      0.000       | [-3.4e+38, 3.4e+38] |     104.720     |    100.000    |
+-------+-----------+-----------+---------+----------+-----------------+------------------+------------------+---------------------+-----------------+---------------+
[INFO]: Time taken for simulation start Last: 0.764930 s, Mean: 0.764930 s, Std: 0.000000 s, N: 1
[INFO]: Completed setting up the environment...
[RobotPolishEnv] robot feed override 5.946 -> 12.700 mm/s (policy range 6.350~19.050 mm/s)
[RobotPolishEnv] v5 M0609+pad coupled | link_6 contact offset=[-0.0025 -0.02    0.0448] m
[FactoryPlanarRoiPolishEnv] Gate C so=0.40 edge=balanced_extend5 direction=same_xx path=2.100m
[GateF7CurvedObservationEnv] mode=base14 obs_dim=14
[Gate F10-G] curvature_safety/cylinder/same_xx step=1000 complete=0/4
[Gate F10-G] curvature_safety/cylinder/same_xx step=2000 complete=0/4
[Gate F10-G] curvature_safety/cylinder/same_xx step=3000 complete=0/4
[Gate F10-G] curvature_safety/cylinder/same_xx step=4000 complete=0/4
[Gate F10-G] curvature_safety/cylinder/same_xx step=5000 complete=1/4
{
  "all_finite": true,
  "checkpoint": "/home/rokey/cacadaca/learning/rl/robot/releases/gate_e7_seed1_it211_20260831_201801/model_gate_e7_seed1_it211.pt",
  "checkpoint_sha256": "c733763bfebd7fcead01cf2574bbd1621c4660b9347143cccb35e0e83449d052",
  "completed": 4,
  "created_utc": "2026-09-01T07:18:07.018461+00:00",
  "curvature_radius_m": 0.6,
  "diagnostic_version": "gate_e6_local_window_area_v1",
  "direction_mode": "same_xx",
  "envs_per_profile": 1,
  "expected": 4,
  "gate": "F10G_CURVATURE_SAFETY",
  "observation_mode": "base14",
  "path": {
    "direction_mode": "same_xx",
    "edge_mode": "balanced_extend5",
    "lines_per_sweep": 5,
    "path_length_m": 2.1,
    "path_mode": "gate_c",
    "step_over_m": 0.044000000000000004,
    "step_over_ratio": 0.4,
    "sweeps": 2
  },
  "physics_seed": 20260901,
  "policy_seed": 20260831,
  "profiles": [
    "legacy_stress",
    "factory_prepolish",
    "factory_prepolish_deep_defect",
    "factory_prepolish_deep_stress"
  ],
  "safety_interface": "F10F_CURVATURE_SAFETY",
  "saved_iteration": 211,
  "shield_mode": "curvature_safety",
  "surface_kind": "cylinder",
  "surface_seed_base": 40000,
  "tile_rows": 100,
  "training_performed": false
}
[INFO]: SimulationContext cleared
Loading user config located at: '/home/rokey/isaacsim-6.0.1/kit/data/Kit/IsaacLab/3.0/user.config.json'
2026-09-01T07:12:44Z [0ms] [Warning] [omni.ext.plugin] [ext: isaaclab_visualizers] Extensions config 'extension.toml' doesn't exist '/home/rokey/IsaacLab/source/isaaclab_visualizers' or '/home/rokey/IsaacLab/source/isaaclab_visualizers/config'
2026-09-01T07:12:44Z [391ms] [Warning] [omni.usd_config.extension] Enable omni.materialx.libs extension to use MaterialX
2026-09-01T07:12:48Z [4,260ms] [Warning] [isaaclab_physx.physics.physx_manager] TGS solver with enable_external_forces_every_iteration=False may cause noisy velocities.
2026-09-01T07:12:48Z [4,384ms] [Warning] [omni.usd] Encountered USD Warnings but USD Diagnostics are currently muted. To view USD Warnings, please set the '/persistent/app/usd/muteUsdDiagnostics' setting to false in Preferences page.
2026-09-01T07:12:50Z [6,294ms] [Warning] [usdrt.population.plugin] Last global time was not created. Did you call setEnableUsdNoticeHandling?
The '--headless' CLI argument is deprecated. Omit '--viz' for default headless. If config visualizers are enabled and you want to force headless, use '--viz none'.
WARNING: All log messages before absl::InitializeLog() is called are written to STDERR
E0000 00:00:1788247087.592346   44028 descriptor_database.cc:633] File already exists in database: grpc/health/v1/health.proto
W0000 00:00:1788247087.592370   44028 message.cc:301] Protobuf GeneratedMessageFactory: File is already registered: grpc/health/v1/health.proto
[ISAACLAB] AppLauncher initialization complete
[INFO]: Base environment:
	Environment device    : cuda:0
	Environment seed      : 20260901
	Physics step-size     : 0.008333333333333333
	Rendering step-size   : 0.05
	Environment step-size : 0.05
[INFO]: Registered backend 'physx' for factory Articulation.
[INFO] Robot /World/envs/env_0/Robot/m0609/m0609: 폴리싱 디스크 생성 완료 → /World/envs/env_0/Robot/m0609/m0609/polishing_contact_pad
[INFO]: Registered backend 'physx' for factory ContactSensor.
[INFO]: Time taken for scene creation Last: 0.989061 s, Mean: 0.989061 s, Std: 0.000000 s, N: 1
[INFO]: Scene manager:  <class InteractiveScene>
	Number of environments: 4
	Environment spacing   : 1.6
	Source prim name      : /World/envs/env_0
	Global prim paths     : []
	Replicate physics     : True
[INFO]: Starting the simulation. This may take a few seconds. Please wait...
[INFO]: Simulation parameters for joints in /World/envs/env_.*/Robot:
+--------------------------------------------------------------------------------------------------------------------------------------------------------------------+
|                                                 Simulation Joint Information (Prim path: /World/envs/env_.*/Robot)                                                 |
+-------+-----------+-----------+---------+----------+-----------------+------------------+------------------+---------------------+-----------------+---------------+
| Index | Name      | Stiffness | Damping | Armature | Static Friction | Dynamic Friction | Viscous Friction |   Position Limits   | Velocity Limits | Effort Limits |
+-------+-----------+-----------+---------+----------+-----------------+------------------+------------------+---------------------+-----------------+---------------+
|   0   | joint_1   |  1.0e+04  | 500.000 |  0.000   |      0.000      |      0.000       |      0.000       |   [-6.283, 6.283]   |      2.618      |    9.6e+03    |
|   1   | joint_2   |  1.0e+04  | 500.000 |  0.000   |      0.000      |      0.000       |      0.000       |   [-6.283, 6.283]   |      2.618      |    9.6e+03    |
|   2   | joint_3   |  1.0e+04  | 500.000 |  0.000   |      0.000      |      0.000       |      0.000       |   [-2.618, 2.618]   |      3.142      |    5.4e+03    |
|   3   | joint_4   |  1.0e+04  | 500.000 |  0.000   |      0.000      |      0.000       |      0.000       |   [-6.283, 6.283]   |      3.927      |    2.7e+03    |
|   4   | joint_5   |  1.0e+04  | 500.000 |  0.000   |      0.000      |      0.000       |      0.000       |   [-6.283, 6.283]   |      3.927      |    2.7e+03    |
|   5   | joint_6   |  1.0e+04  | 500.000 |  0.000   |      0.000      |      0.000       |      0.000       |   [-6.283, 6.283]   |      3.927      |    2.7e+03    |
|   6   | pad_joint |  2.0e+03  | 100.000 |  0.000   |      0.000      |      0.000       |      0.000       | [-3.4e+38, 3.4e+38] |     104.720     |    100.000    |
+-------+-----------+-----------+---------+----------+-----------------+------------------+------------------+---------------------+-----------------+---------------+
[INFO]: Time taken for simulation start Last: 0.761575 s, Mean: 0.761575 s, Std: 0.000000 s, N: 1
[INFO]: Completed setting up the environment...
[RobotPolishEnv] robot feed override 5.946 -> 12.700 mm/s (policy range 6.350~19.050 mm/s)
[RobotPolishEnv] v5 M0609+pad coupled | link_6 contact offset=[-0.0025 -0.02    0.0448] m
[FactoryPlanarRoiPolishEnv] Gate C so=0.40 edge=balanced_extend5 direction=cross_xy path=2.100m
[GateF7CurvedObservationEnv] mode=base14 obs_dim=14
[Gate F10-G] curvature_safety/cylinder/cross_xy step=1000 complete=0/4
[Gate F10-G] curvature_safety/cylinder/cross_xy step=2000 complete=0/4
[Gate F10-G] curvature_safety/cylinder/cross_xy step=3000 complete=0/4
[Gate F10-G] curvature_safety/cylinder/cross_xy step=4000 complete=0/4
[Gate F10-G] curvature_safety/cylinder/cross_xy step=5000 complete=1/4
{
  "all_finite": true,
  "checkpoint": "/home/rokey/cacadaca/learning/rl/robot/releases/gate_e7_seed1_it211_20260831_201801/model_gate_e7_seed1_it211.pt",
  "checkpoint_sha256": "c733763bfebd7fcead01cf2574bbd1621c4660b9347143cccb35e0e83449d052",
  "completed": 4,
  "created_utc": "2026-09-01T07:23:38.314250+00:00",
  "curvature_radius_m": 0.6,
  "diagnostic_version": "gate_e6_local_window_area_v1",
  "direction_mode": "cross_xy",
  "envs_per_profile": 1,
  "expected": 4,
  "gate": "F10G_CURVATURE_SAFETY",
  "observation_mode": "base14",
  "path": {
    "direction_mode": "cross_xy",
    "edge_mode": "balanced_extend5",
    "lines_per_sweep": 5,
    "path_length_m": 2.1,
    "path_mode": "gate_c",
    "step_over_m": 0.044000000000000004,
    "step_over_ratio": 0.4,
    "sweeps": 2
  },
  "physics_seed": 20260901,
  "policy_seed": 20260831,
  "profiles": [
    "legacy_stress",
    "factory_prepolish",
    "factory_prepolish_deep_defect",
    "factory_prepolish_deep_stress"
  ],
  "safety_interface": "F10F_CURVATURE_SAFETY",
  "saved_iteration": 211,
  "shield_mode": "curvature_safety",
  "surface_kind": "cylinder",
  "surface_seed_base": 40000,
  "tile_rows": 100,
  "training_performed": false
}
[INFO]: SimulationContext cleared
Loading user config located at: '/home/rokey/isaacsim-6.0.1/kit/data/Kit/IsaacLab/3.0/user.config.json'
2026-09-01T07:18:07Z [0ms] [Warning] [omni.ext.plugin] [ext: isaaclab_visualizers] Extensions config 'extension.toml' doesn't exist '/home/rokey/IsaacLab/source/isaaclab_visualizers' or '/home/rokey/IsaacLab/source/isaaclab_visualizers/config'
2026-09-01T07:18:07Z [410ms] [Warning] [omni.usd_config.extension] Enable omni.materialx.libs extension to use MaterialX
2026-09-01T07:18:11Z [4,277ms] [Warning] [isaaclab_physx.physics.physx_manager] TGS solver with enable_external_forces_every_iteration=False may cause noisy velocities.
2026-09-01T07:18:11Z [4,398ms] [Warning] [omni.usd] Encountered USD Warnings but USD Diagnostics are currently muted. To view USD Warnings, please set the '/persistent/app/usd/muteUsdDiagnostics' setting to false in Preferences page.
2026-09-01T07:18:13Z [5,883ms] [Warning] [usdrt.population.plugin] Last global time was not created. Did you call setEnableUsdNoticeHandling?
The '--headless' CLI argument is deprecated. Omit '--viz' for default headless. If config visualizers are enabled and you want to force headless, use '--viz none'.
WARNING: All log messages before absl::InitializeLog() is called are written to STDERR
E0000 00:00:1788247419.002338   44490 descriptor_database.cc:633] File already exists in database: grpc/health/v1/health.proto
W0000 00:00:1788247419.002363   44490 message.cc:301] Protobuf GeneratedMessageFactory: File is already registered: grpc/health/v1/health.proto
[ISAACLAB] AppLauncher initialization complete
[INFO]: Base environment:
	Environment device    : cuda:0
	Environment seed      : 20260901
	Physics step-size     : 0.008333333333333333
	Rendering step-size   : 0.05
	Environment step-size : 0.05
[INFO]: Registered backend 'physx' for factory Articulation.
[INFO] Robot /World/envs/env_0/Robot/m0609/m0609: 폴리싱 디스크 생성 완료 → /World/envs/env_0/Robot/m0609/m0609/polishing_contact_pad
[INFO]: Registered backend 'physx' for factory ContactSensor.
[INFO]: Time taken for scene creation Last: 1.060472 s, Mean: 1.060472 s, Std: 0.000000 s, N: 1
[INFO]: Scene manager:  <class InteractiveScene>
	Number of environments: 4
	Environment spacing   : 1.6
	Source prim name      : /World/envs/env_0
	Global prim paths     : []
	Replicate physics     : True
[INFO]: Starting the simulation. This may take a few seconds. Please wait...
[INFO]: Simulation parameters for joints in /World/envs/env_.*/Robot:
+--------------------------------------------------------------------------------------------------------------------------------------------------------------------+
|                                                 Simulation Joint Information (Prim path: /World/envs/env_.*/Robot)                                                 |
+-------+-----------+-----------+---------+----------+-----------------+------------------+------------------+---------------------+-----------------+---------------+
| Index | Name      | Stiffness | Damping | Armature | Static Friction | Dynamic Friction | Viscous Friction |   Position Limits   | Velocity Limits | Effort Limits |
+-------+-----------+-----------+---------+----------+-----------------+------------------+------------------+---------------------+-----------------+---------------+
|   0   | joint_1   |  1.0e+04  | 500.000 |  0.000   |      0.000      |      0.000       |      0.000       |   [-6.283, 6.283]   |      2.618      |    9.6e+03    |
|   1   | joint_2   |  1.0e+04  | 500.000 |  0.000   |      0.000      |      0.000       |      0.000       |   [-6.283, 6.283]   |      2.618      |    9.6e+03    |
|   2   | joint_3   |  1.0e+04  | 500.000 |  0.000   |      0.000      |      0.000       |      0.000       |   [-2.618, 2.618]   |      3.142      |    5.4e+03    |
|   3   | joint_4   |  1.0e+04  | 500.000 |  0.000   |      0.000      |      0.000       |      0.000       |   [-6.283, 6.283]   |      3.927      |    2.7e+03    |
|   4   | joint_5   |  1.0e+04  | 500.000 |  0.000   |      0.000      |      0.000       |      0.000       |   [-6.283, 6.283]   |      3.927      |    2.7e+03    |
|   5   | joint_6   |  1.0e+04  | 500.000 |  0.000   |      0.000      |      0.000       |      0.000       |   [-6.283, 6.283]   |      3.927      |    2.7e+03    |
|   6   | pad_joint |  2.0e+03  | 100.000 |  0.000   |      0.000      |      0.000       |      0.000       | [-3.4e+38, 3.4e+38] |     104.720     |    100.000    |
+-------+-----------+-----------+---------+----------+-----------------+------------------+------------------+---------------------+-----------------+---------------+
[INFO]: Time taken for simulation start Last: 0.787886 s, Mean: 0.787886 s, Std: 0.000000 s, N: 1
[INFO]: Completed setting up the environment...
[RobotPolishEnv] robot feed override 5.946 -> 12.700 mm/s (policy range 6.350~19.050 mm/s)
[RobotPolishEnv] v5 M0609+pad coupled | link_6 contact offset=[-0.0025 -0.02    0.0448] m
[FactoryPlanarRoiPolishEnv] Gate C so=0.40 edge=balanced_extend5 direction=same_xx path=2.100m
[GateF7CurvedObservationEnv] mode=base14 obs_dim=14
[Gate F10-G] curvature_safety/freeform/same_xx step=1000 complete=0/4
[Gate F10-G] curvature_safety/freeform/same_xx step=2000 complete=0/4
[Gate F10-G] curvature_safety/freeform/same_xx step=3000 complete=1/4
[Gate F10-G] curvature_safety/freeform/same_xx step=4000 complete=2/4
[Gate F10-G] curvature_safety/freeform/same_xx step=5000 complete=3/4
{
  "all_finite": true,
  "checkpoint": "/home/rokey/cacadaca/learning/rl/robot/releases/gate_e7_seed1_it211_20260831_201801/model_gate_e7_seed1_it211.pt",
  "checkpoint_sha256": "c733763bfebd7fcead01cf2574bbd1621c4660b9347143cccb35e0e83449d052",
  "completed": 4,
  "created_utc": "2026-09-01T07:30:06.395488+00:00",
  "curvature_radius_m": 0.6,
  "diagnostic_version": "gate_e6_local_window_area_v1",
  "direction_mode": "same_xx",
  "envs_per_profile": 1,
  "expected": 4,
  "gate": "F10G_CURVATURE_SAFETY",
  "observation_mode": "base14",
  "path": {
    "direction_mode": "same_xx",
    "edge_mode": "balanced_extend5",
    "lines_per_sweep": 5,
    "path_length_m": 2.1,
    "path_mode": "gate_c",
    "step_over_m": 0.044000000000000004,
    "step_over_ratio": 0.4,
    "sweeps": 2
  },
  "physics_seed": 20260901,
  "policy_seed": 20260831,
  "profiles": [
    "legacy_stress",
    "factory_prepolish",
    "factory_prepolish_deep_defect",
    "factory_prepolish_deep_stress"
  ],
  "safety_interface": "F10F_CURVATURE_SAFETY",
  "saved_iteration": 211,
  "shield_mode": "curvature_safety",
  "surface_kind": "freeform",
  "surface_seed_base": 40000,
  "tile_rows": 100,
  "training_performed": false
}
[INFO]: SimulationContext cleared
Loading user config located at: '/home/rokey/isaacsim-6.0.1/kit/data/Kit/IsaacLab/3.0/user.config.json'
2026-09-01T07:23:38Z [0ms] [Warning] [omni.ext.plugin] [ext: isaaclab_visualizers] Extensions config 'extension.toml' doesn't exist '/home/rokey/IsaacLab/source/isaaclab_visualizers' or '/home/rokey/IsaacLab/source/isaaclab_visualizers/config'
2026-09-01T07:23:39Z [412ms] [Warning] [omni.usd_config.extension] Enable omni.materialx.libs extension to use MaterialX
2026-09-01T07:23:43Z [4,504ms] [Warning] [isaaclab_physx.physics.physx_manager] TGS solver with enable_external_forces_every_iteration=False may cause noisy velocities.
2026-09-01T07:23:43Z [4,635ms] [Warning] [omni.usd] Encountered USD Warnings but USD Diagnostics are currently muted. To view USD Warnings, please set the '/persistent/app/usd/muteUsdDiagnostics' setting to false in Preferences page.
2026-09-01T07:23:45Z [6,198ms] [Warning] [usdrt.population.plugin] Last global time was not created. Did you call setEnableUsdNoticeHandling?
The '--headless' CLI argument is deprecated. Omit '--viz' for default headless. If config visualizers are enabled and you want to force headless, use '--viz none'.
WARNING: All log messages before absl::InitializeLog() is called are written to STDERR
E0000 00:00:1788247807.018950   44997 descriptor_database.cc:633] File already exists in database: grpc/health/v1/health.proto
W0000 00:00:1788247807.018974   44997 message.cc:301] Protobuf GeneratedMessageFactory: File is already registered: grpc/health/v1/health.proto
[ISAACLAB] AppLauncher initialization complete
[INFO]: Base environment:
	Environment device    : cuda:0
	Environment seed      : 20260901
	Physics step-size     : 0.008333333333333333
	Rendering step-size   : 0.05
	Environment step-size : 0.05
[INFO]: Registered backend 'physx' for factory Articulation.
[INFO] Robot /World/envs/env_0/Robot/m0609/m0609: 폴리싱 디스크 생성 완료 → /World/envs/env_0/Robot/m0609/m0609/polishing_contact_pad
[INFO]: Registered backend 'physx' for factory ContactSensor.
[INFO]: Time taken for scene creation Last: 1.117379 s, Mean: 1.117379 s, Std: 0.000000 s, N: 1
[INFO]: Scene manager:  <class InteractiveScene>
	Number of environments: 4
	Environment spacing   : 1.6
	Source prim name      : /World/envs/env_0
	Global prim paths     : []
	Replicate physics     : True
[INFO]: Starting the simulation. This may take a few seconds. Please wait...
[INFO]: Simulation parameters for joints in /World/envs/env_.*/Robot:
+--------------------------------------------------------------------------------------------------------------------------------------------------------------------+
|                                                 Simulation Joint Information (Prim path: /World/envs/env_.*/Robot)                                                 |
+-------+-----------+-----------+---------+----------+-----------------+------------------+------------------+---------------------+-----------------+---------------+
| Index | Name      | Stiffness | Damping | Armature | Static Friction | Dynamic Friction | Viscous Friction |   Position Limits   | Velocity Limits | Effort Limits |
+-------+-----------+-----------+---------+----------+-----------------+------------------+------------------+---------------------+-----------------+---------------+
|   0   | joint_1   |  1.0e+04  | 500.000 |  0.000   |      0.000      |      0.000       |      0.000       |   [-6.283, 6.283]   |      2.618      |    9.6e+03    |
|   1   | joint_2   |  1.0e+04  | 500.000 |  0.000   |      0.000      |      0.000       |      0.000       |   [-6.283, 6.283]   |      2.618      |    9.6e+03    |
|   2   | joint_3   |  1.0e+04  | 500.000 |  0.000   |      0.000      |      0.000       |      0.000       |   [-2.618, 2.618]   |      3.142      |    5.4e+03    |
|   3   | joint_4   |  1.0e+04  | 500.000 |  0.000   |      0.000      |      0.000       |      0.000       |   [-6.283, 6.283]   |      3.927      |    2.7e+03    |
|   4   | joint_5   |  1.0e+04  | 500.000 |  0.000   |      0.000      |      0.000       |      0.000       |   [-6.283, 6.283]   |      3.927      |    2.7e+03    |
|   5   | joint_6   |  1.0e+04  | 500.000 |  0.000   |      0.000      |      0.000       |      0.000       |   [-6.283, 6.283]   |      3.927      |    2.7e+03    |
|   6   | pad_joint |  2.0e+03  | 100.000 |  0.000   |      0.000      |      0.000       |      0.000       | [-3.4e+38, 3.4e+38] |     104.720     |    100.000    |
+-------+-----------+-----------+---------+----------+-----------------+------------------+------------------+---------------------+-----------------+---------------+
[INFO]: Time taken for simulation start Last: 0.776212 s, Mean: 0.776212 s, Std: 0.000000 s, N: 1
[INFO]: Completed setting up the environment...
[RobotPolishEnv] robot feed override 5.946 -> 12.700 mm/s (policy range 6.350~19.050 mm/s)
[RobotPolishEnv] v5 M0609+pad coupled | link_6 contact offset=[-0.0025 -0.02    0.0448] m
[FactoryPlanarRoiPolishEnv] Gate C so=0.40 edge=balanced_extend5 direction=cross_xy path=2.100m
[GateF7CurvedObservationEnv] mode=base14 obs_dim=14
[Gate F10-G] curvature_safety/freeform/cross_xy step=1000 complete=0/4
[Gate F10-G] curvature_safety/freeform/cross_xy step=2000 complete=0/4
[Gate F10-G] curvature_safety/freeform/cross_xy step=3000 complete=2/4
[Gate F10-G] curvature_safety/freeform/cross_xy step=4000 complete=3/4
{
  "all_finite": true,
  "checkpoint": "/home/rokey/cacadaca/learning/rl/robot/releases/gate_e7_seed1_it211_20260831_201801/model_gate_e7_seed1_it211.pt",
  "checkpoint_sha256": "c733763bfebd7fcead01cf2574bbd1621c4660b9347143cccb35e0e83449d052",
  "completed": 4,
  "created_utc": "2026-09-01T07:35:07.854851+00:00",
  "curvature_radius_m": 0.6,
  "diagnostic_version": "gate_e6_local_window_area_v1",
  "direction_mode": "cross_xy",
  "envs_per_profile": 1,
  "expected": 4,
  "gate": "F10G_CURVATURE_SAFETY",
  "observation_mode": "base14",
  "path": {
    "direction_mode": "cross_xy",
    "edge_mode": "balanced_extend5",
    "lines_per_sweep": 5,
    "path_length_m": 2.1,
    "path_mode": "gate_c",
    "step_over_m": 0.044000000000000004,
    "step_over_ratio": 0.4,
    "sweeps": 2
  },
  "physics_seed": 20260901,
  "policy_seed": 20260831,
  "profiles": [
    "legacy_stress",
    "factory_prepolish",
    "factory_prepolish_deep_defect",
    "factory_prepolish_deep_stress"
  ],
  "safety_interface": "F10F_CURVATURE_SAFETY",
  "saved_iteration": 211,
  "shield_mode": "curvature_safety",
  "surface_kind": "freeform",
  "surface_seed_base": 40000,
  "tile_rows": 100,
  "training_performed": false
}
[INFO]: SimulationContext cleared
Loading user config located at: '/home/rokey/isaacsim-6.0.1/kit/data/Kit/IsaacLab/3.0/user.config.json'
2026-09-01T07:30:06Z [0ms] [Warning] [omni.ext.plugin] [ext: isaaclab_visualizers] Extensions config 'extension.toml' doesn't exist '/home/rokey/IsaacLab/source/isaaclab_visualizers' or '/home/rokey/IsaacLab/source/isaaclab_visualizers/config'
2026-09-01T07:30:07Z [404ms] [Warning] [omni.usd_config.extension] Enable omni.materialx.libs extension to use MaterialX
2026-09-01T07:30:11Z [4,408ms] [Warning] [isaaclab_physx.physics.physx_manager] TGS solver with enable_external_forces_every_iteration=False may cause noisy velocities.
2026-09-01T07:30:11Z [4,534ms] [Warning] [omni.usd] Encountered USD Warnings but USD Diagnostics are currently muted. To view USD Warnings, please set the '/persistent/app/usd/muteUsdDiagnostics' setting to false in Preferences page.
2026-09-01T07:30:13Z [6,152ms] [Warning] [usdrt.population.plugin] Last global time was not created. Did you call setEnableUsdNoticeHandling?
