The '--headless' CLI argument is deprecated. Omit '--viz' for default headless. If config visualizers are enabled and you want to force headless, use '--viz none'.
WARNING: All log messages before absl::InitializeLog() is called are written to STDERR
E0000 00:00:1788250958.034225   53138 descriptor_database.cc:633] File already exists in database: grpc/health/v1/health.proto
W0000 00:00:1788250958.034251   53138 message.cc:301] Protobuf GeneratedMessageFactory: File is already registered: grpc/health/v1/health.proto
[ISAACLAB] AppLauncher initialization complete
[INFO]: Base environment:
	Environment device    : cuda:0
	Environment seed      : 20260901
	Physics step-size     : 0.008333333333333333
	Rendering step-size   : 0.05
	Environment step-size : 0.05
[INFO]: Registered backend 'physx' for factory Articulation.
[INFO] Robot /World/envs/env_0/Robot/m0609/m0609: 폴리싱 디스크 생성 완료 → /World/envs/env_0/Robot/m0609/m0609/polishing_contact_pad
[INFO]: Registered backend 'physx' for factory ContactSensor.
[INFO]: Time taken for scene creation Last: 1.248932 s, Mean: 1.248932 s, Std: 0.000000 s, N: 1
[INFO]: Scene manager:  <class InteractiveScene>
	Number of environments: 4
	Environment spacing   : 1.6
	Source prim name      : /World/envs/env_0
	Global prim paths     : []
	Replicate physics     : True
[INFO]: Starting the simulation. This may take a few seconds. Please wait...
[INFO]: Simulation parameters for joints in /World/envs/env_.*/Robot:
+--------------------------------------------------------------------------------------------------------------------------------------------------------------------+
|                                                 Simulation Joint Information (Prim path: /World/envs/env_.*/Robot)                                                 |
+-------+-----------+-----------+---------+----------+-----------------+------------------+------------------+---------------------+-----------------+---------------+
| Index | Name      | Stiffness | Damping | Armature | Static Friction | Dynamic Friction | Viscous Friction |   Position Limits   | Velocity Limits | Effort Limits |
+-------+-----------+-----------+---------+----------+-----------------+------------------+------------------+---------------------+-----------------+---------------+
|   0   | joint_1   |  1.0e+04  | 500.000 |  0.000   |      0.000      |      0.000       |      0.000       |   [-6.283, 6.283]   |      2.618      |    9.6e+03    |
|   1   | joint_2   |  1.0e+04  | 500.000 |  0.000   |      0.000      |      0.000       |      0.000       |   [-6.283, 6.283]   |      2.618      |    9.6e+03    |
|   2   | joint_3   |  1.0e+04  | 500.000 |  0.000   |      0.000      |      0.000       |      0.000       |   [-2.618, 2.618]   |      3.142      |    5.4e+03    |
|   3   | joint_4   |  1.0e+04  | 500.000 |  0.000   |      0.000      |      0.000       |      0.000       |   [-6.283, 6.283]   |      3.927      |    2.7e+03    |
|   4   | joint_5   |  1.0e+04  | 500.000 |  0.000   |      0.000      |      0.000       |      0.000       |   [-6.283, 6.283]   |      3.927      |    2.7e+03    |
|   5   | joint_6   |  1.0e+04  | 500.000 |  0.000   |      0.000      |      0.000       |      0.000       |   [-6.283, 6.283]   |      3.927      |    2.7e+03    |
|   6   | pad_joint |  2.0e+03  | 100.000 |  0.000   |      0.000      |      0.000       |      0.000       | [-3.4e+38, 3.4e+38] |     104.720     |    100.000    |
+-------+-----------+-----------+---------+----------+-----------------+------------------+------------------+---------------------+-----------------+---------------+
[INFO]: Time taken for simulation start Last: 0.755250 s, Mean: 0.755250 s, Std: 0.000000 s, N: 1
[INFO]: Completed setting up the environment...
[RobotPolishEnv] robot feed override 5.946 -> 12.700 mm/s (policy range 6.350~19.050 mm/s)
[RobotPolishEnv] v5 M0609+pad coupled | link_6 contact offset=[-0.0025 -0.02    0.0448] m
[FactoryPlanarRoiPolishEnv] Gate C so=0.40 edge=balanced_extend5 direction=same_xx path=2.100m
[GateF7CurvedObservationEnv] mode=base14 obs_dim=14
[Gate F10-G] curvature_safety_v2/flat/same_xx step=1000 complete=0/4
[Gate F10-G] curvature_safety_v2/flat/same_xx step=2000 complete=0/4
[Gate F10-G] curvature_safety_v2/flat/same_xx step=3000 complete=0/4
[Gate F10-G] curvature_safety_v2/flat/same_xx step=4000 complete=1/4
[Gate F10-G] curvature_safety_v2/flat/same_xx step=5000 complete=3/4
{
  "all_finite": true,
  "checkpoint": "/home/rokey/cacadaca/learning/rl/robot/releases/gate_e7_seed1_it211_20260831_201801/model_gate_e7_seed1_it211.pt",
  "checkpoint_sha256": "c733763bfebd7fcead01cf2574bbd1621c4660b9347143cccb35e0e83449d052",
  "completed": 4,
  "created_utc": "2026-09-01T08:27:31.832263+00:00",
  "curvature_radius_m": 0.6,
  "diagnostic_version": "gate_e6_local_window_area_v1",
  "direction_mode": "same_xx",
  "envs_per_profile": 1,
  "expected": 4,
  "gate": "F10G2_CURVATURE_SAFETY_V2",
  "observation_mode": "base14",
  "path": {
    "direction_mode": "same_xx",
    "edge_mode": "balanced_extend5",
    "lines_per_sweep": 5,
    "path_length_m": 2.1,
    "path_mode": "gate_c",
    "step_over_m": 0.044000000000000004,
    "step_over_ratio": 0.4,
    "sweeps": 2
  },
  "physics_seed": 20260901,
  "policy_seed": 20260831,
  "profiles": [
    "legacy_stress",
    "factory_prepolish",
    "factory_prepolish_deep_defect",
    "factory_prepolish_deep_stress"
  ],
  "safety_interface": "F10_CURVATURE_SAFETY_V2",
  "saved_iteration": 211,
  "shield_mode": "curvature_safety_v2",
  "surface_kind": "flat",
  "surface_seed_base": 40000,
  "tile_rows": 100,
  "training_performed": false
}
[INFO]: SimulationContext cleared
Loading user config located at: '/home/rokey/isaacsim-6.0.1/kit/data/Kit/IsaacLab/3.0/user.config.json'
2026-09-01T08:22:37Z [0ms] [Warning] [omni.ext.plugin] [ext: isaaclab_visualizers] Extensions config 'extension.toml' doesn't exist '/home/rokey/IsaacLab/source/isaaclab_visualizers' or '/home/rokey/IsaacLab/source/isaaclab_visualizers/config'
2026-09-01T08:22:38Z [398ms] [Warning] [omni.usd_config.extension] Enable omni.materialx.libs extension to use MaterialX
2026-09-01T08:22:42Z [4,570ms] [Warning] [isaaclab_physx.physics.physx_manager] TGS solver with enable_external_forces_every_iteration=False may cause noisy velocities.
2026-09-01T08:22:42Z [4,698ms] [Warning] [omni.usd] Encountered USD Warnings but USD Diagnostics are currently muted. To view USD Warnings, please set the '/persistent/app/usd/muteUsdDiagnostics' setting to false in Preferences page.
2026-09-01T08:22:44Z [6,429ms] [Warning] [usdrt.population.plugin] Last global time was not created. Did you call setEnableUsdNoticeHandling?
The '--headless' CLI argument is deprecated. Omit '--viz' for default headless. If config visualizers are enabled and you want to force headless, use '--viz none'.
WARNING: All log messages before absl::InitializeLog() is called are written to STDERR
E0000 00:00:1788251252.429843   53976 descriptor_database.cc:633] File already exists in database: grpc/health/v1/health.proto
W0000 00:00:1788251252.429873   53976 message.cc:301] Protobuf GeneratedMessageFactory: File is already registered: grpc/health/v1/health.proto
[ISAACLAB] AppLauncher initialization complete
[INFO]: Base environment:
	Environment device    : cuda:0
	Environment seed      : 20260901
	Physics step-size     : 0.008333333333333333
	Rendering step-size   : 0.05
	Environment step-size : 0.05
[INFO]: Registered backend 'physx' for factory Articulation.
[INFO] Robot /World/envs/env_0/Robot/m0609/m0609: 폴리싱 디스크 생성 완료 → /World/envs/env_0/Robot/m0609/m0609/polishing_contact_pad
[INFO]: Registered backend 'physx' for factory ContactSensor.
[INFO]: Time taken for scene creation Last: 1.191308 s, Mean: 1.191308 s, Std: 0.000000 s, N: 1
[INFO]: Scene manager:  <class InteractiveScene>
	Number of environments: 4
	Environment spacing   : 1.6
	Source prim name      : /World/envs/env_0
	Global prim paths     : []
	Replicate physics     : True
[INFO]: Starting the simulation. This may take a few seconds. Please wait...
[INFO]: Simulation parameters for joints in /World/envs/env_.*/Robot:
+--------------------------------------------------------------------------------------------------------------------------------------------------------------------+
|                                                 Simulation Joint Information (Prim path: /World/envs/env_.*/Robot)                                                 |
+-------+-----------+-----------+---------+----------+-----------------+------------------+------------------+---------------------+-----------------+---------------+
| Index | Name      | Stiffness | Damping | Armature | Static Friction | Dynamic Friction | Viscous Friction |   Position Limits   | Velocity Limits | Effort Limits |
+-------+-----------+-----------+---------+----------+-----------------+------------------+------------------+---------------------+-----------------+---------------+
|   0   | joint_1   |  1.0e+04  | 500.000 |  0.000   |      0.000      |      0.000       |      0.000       |   [-6.283, 6.283]   |      2.618      |    9.6e+03    |
|   1   | joint_2   |  1.0e+04  | 500.000 |  0.000   |      0.000      |      0.000       |      0.000       |   [-6.283, 6.283]   |      2.618      |    9.6e+03    |
|   2   | joint_3   |  1.0e+04  | 500.000 |  0.000   |      0.000      |      0.000       |      0.000       |   [-2.618, 2.618]   |      3.142      |    5.4e+03    |
|   3   | joint_4   |  1.0e+04  | 500.000 |  0.000   |      0.000      |      0.000       |      0.000       |   [-6.283, 6.283]   |      3.927      |    2.7e+03    |
|   4   | joint_5   |  1.0e+04  | 500.000 |  0.000   |      0.000      |      0.000       |      0.000       |   [-6.283, 6.283]   |      3.927      |    2.7e+03    |
|   5   | joint_6   |  1.0e+04  | 500.000 |  0.000   |      0.000      |      0.000       |      0.000       |   [-6.283, 6.283]   |      3.927      |    2.7e+03    |
|   6   | pad_joint |  2.0e+03  | 100.000 |  0.000   |      0.000      |      0.000       |      0.000       | [-3.4e+38, 3.4e+38] |     104.720     |    100.000    |
+-------+-----------+-----------+---------+----------+-----------------+------------------+------------------+---------------------+-----------------+---------------+
[INFO]: Time taken for simulation start Last: 0.830602 s, Mean: 0.830602 s, Std: 0.000000 s, N: 1
[INFO]: Completed setting up the environment...
[RobotPolishEnv] robot feed override 5.946 -> 12.700 mm/s (policy range 6.350~19.050 mm/s)
[RobotPolishEnv] v5 M0609+pad coupled | link_6 contact offset=[-0.0025 -0.02    0.0448] m
[FactoryPlanarRoiPolishEnv] Gate C so=0.40 edge=balanced_extend5 direction=cross_xy path=2.100m
[GateF7CurvedObservationEnv] mode=base14 obs_dim=14
[Gate F10-G] curvature_safety_v2/flat/cross_xy step=1000 complete=0/4
[Gate F10-G] curvature_safety_v2/flat/cross_xy step=2000 complete=0/4
[Gate F10-G] curvature_safety_v2/flat/cross_xy step=3000 complete=0/4
[Gate F10-G] curvature_safety_v2/flat/cross_xy step=4000 complete=1/4
[Gate F10-G] curvature_safety_v2/flat/cross_xy step=5000 complete=3/4
{
  "all_finite": true,
  "checkpoint": "/home/rokey/cacadaca/learning/rl/robot/releases/gate_e7_seed1_it211_20260831_201801/model_gate_e7_seed1_it211.pt",
  "checkpoint_sha256": "c733763bfebd7fcead01cf2574bbd1621c4660b9347143cccb35e0e83449d052",
  "completed": 4,
  "created_utc": "2026-09-01T08:32:44.915669+00:00",
  "curvature_radius_m": 0.6,
  "diagnostic_version": "gate_e6_local_window_area_v1",
  "direction_mode": "cross_xy",
  "envs_per_profile": 1,
  "expected": 4,
  "gate": "F10G2_CURVATURE_SAFETY_V2",
  "observation_mode": "base14",
  "path": {
    "direction_mode": "cross_xy",
    "edge_mode": "balanced_extend5",
    "lines_per_sweep": 5,
    "path_length_m": 2.1,
    "path_mode": "gate_c",
    "step_over_m": 0.044000000000000004,
    "step_over_ratio": 0.4,
    "sweeps": 2
  },
  "physics_seed": 20260901,
  "policy_seed": 20260831,
  "profiles": [
    "legacy_stress",
    "factory_prepolish",
    "factory_prepolish_deep_defect",
    "factory_prepolish_deep_stress"
  ],
  "safety_interface": "F10_CURVATURE_SAFETY_V2",
  "saved_iteration": 211,
  "shield_mode": "curvature_safety_v2",
  "surface_kind": "flat",
  "surface_seed_base": 40000,
  "tile_rows": 100,
  "training_performed": false
}
[INFO]: SimulationContext cleared
Loading user config located at: '/home/rokey/isaacsim-6.0.1/kit/data/Kit/IsaacLab/3.0/user.config.json'
2026-09-01T08:27:32Z [0ms] [Warning] [omni.ext.plugin] [ext: isaaclab_visualizers] Extensions config 'extension.toml' doesn't exist '/home/rokey/IsaacLab/source/isaaclab_visualizers' or '/home/rokey/IsaacLab/source/isaaclab_visualizers/config'
2026-09-01T08:27:32Z [417ms] [Warning] [omni.usd_config.extension] Enable omni.materialx.libs extension to use MaterialX
2026-09-01T08:27:36Z [4,572ms] [Warning] [isaaclab_physx.physics.physx_manager] TGS solver with enable_external_forces_every_iteration=False may cause noisy velocities.
2026-09-01T08:27:37Z [4,707ms] [Warning] [omni.usd] Encountered USD Warnings but USD Diagnostics are currently muted. To view USD Warnings, please set the '/persistent/app/usd/muteUsdDiagnostics' setting to false in Preferences page.
2026-09-01T08:27:38Z [6,428ms] [Warning] [usdrt.population.plugin] Last global time was not created. Did you call setEnableUsdNoticeHandling?
The '--headless' CLI argument is deprecated. Omit '--viz' for default headless. If config visualizers are enabled and you want to force headless, use '--viz none'.
WARNING: All log messages before absl::InitializeLog() is called are written to STDERR
E0000 00:00:1788251565.562458   54744 descriptor_database.cc:633] File already exists in database: grpc/health/v1/health.proto
W0000 00:00:1788251565.562485   54744 message.cc:301] Protobuf GeneratedMessageFactory: File is already registered: grpc/health/v1/health.proto
[ISAACLAB] AppLauncher initialization complete
[INFO]: Base environment:
	Environment device    : cuda:0
	Environment seed      : 20260901
	Physics step-size     : 0.008333333333333333
	Rendering step-size   : 0.05
	Environment step-size : 0.05
[INFO]: Registered backend 'physx' for factory Articulation.
[INFO] Robot /World/envs/env_0/Robot/m0609/m0609: 폴리싱 디스크 생성 완료 → /World/envs/env_0/Robot/m0609/m0609/polishing_contact_pad
[INFO]: Registered backend 'physx' for factory ContactSensor.
[INFO]: Time taken for scene creation Last: 1.154439 s, Mean: 1.154439 s, Std: 0.000000 s, N: 1
[INFO]: Scene manager:  <class InteractiveScene>
	Number of environments: 4
	Environment spacing   : 1.6
	Source prim name      : /World/envs/env_0
	Global prim paths     : []
	Replicate physics     : True
[INFO]: Starting the simulation. This may take a few seconds. Please wait...
[INFO]: Simulation parameters for joints in /World/envs/env_.*/Robot:
+--------------------------------------------------------------------------------------------------------------------------------------------------------------------+
|                                                 Simulation Joint Information (Prim path: /World/envs/env_.*/Robot)                                                 |
+-------+-----------+-----------+---------+----------+-----------------+------------------+------------------+---------------------+-----------------+---------------+
| Index | Name      | Stiffness | Damping | Armature | Static Friction | Dynamic Friction | Viscous Friction |   Position Limits   | Velocity Limits | Effort Limits |
+-------+-----------+-----------+---------+----------+-----------------+------------------+------------------+---------------------+-----------------+---------------+
|   0   | joint_1   |  1.0e+04  | 500.000 |  0.000   |      0.000      |      0.000       |      0.000       |   [-6.283, 6.283]   |      2.618      |    9.6e+03    |
|   1   | joint_2   |  1.0e+04  | 500.000 |  0.000   |      0.000      |      0.000       |      0.000       |   [-6.283, 6.283]   |      2.618      |    9.6e+03    |
|   2   | joint_3   |  1.0e+04  | 500.000 |  0.000   |      0.000      |      0.000       |      0.000       |   [-2.618, 2.618]   |      3.142      |    5.4e+03    |
|   3   | joint_4   |  1.0e+04  | 500.000 |  0.000   |      0.000      |      0.000       |      0.000       |   [-6.283, 6.283]   |      3.927      |    2.7e+03    |
|   4   | joint_5   |  1.0e+04  | 500.000 |  0.000   |      0.000      |      0.000       |      0.000       |   [-6.283, 6.283]   |      3.927      |    2.7e+03    |
|   5   | joint_6   |  1.0e+04  | 500.000 |  0.000   |      0.000      |      0.000       |      0.000       |   [-6.283, 6.283]   |      3.927      |    2.7e+03    |
|   6   | pad_joint |  2.0e+03  | 100.000 |  0.000   |      0.000      |      0.000       |      0.000       | [-3.4e+38, 3.4e+38] |     104.720     |    100.000    |
+-------+-----------+-----------+---------+----------+-----------------+------------------+------------------+---------------------+-----------------+---------------+
[INFO]: Time taken for simulation start Last: 0.776250 s, Mean: 0.776250 s, Std: 0.000000 s, N: 1
[INFO]: Completed setting up the environment...
[RobotPolishEnv] robot feed override 5.946 -> 12.700 mm/s (policy range 6.350~19.050 mm/s)
[RobotPolishEnv] v5 M0609+pad coupled | link_6 contact offset=[-0.0025 -0.02    0.0448] m
[FactoryPlanarRoiPolishEnv] Gate C so=0.40 edge=balanced_extend5 direction=same_xx path=2.100m
[GateF7CurvedObservationEnv] mode=base14 obs_dim=14
[Gate F10-G] curvature_safety_v2/cylinder/same_xx step=1000 complete=1/4
[Gate F10-G] curvature_safety_v2/cylinder/same_xx step=2000 complete=1/4
[Gate F10-G] curvature_safety_v2/cylinder/same_xx step=3000 complete=1/4
[Gate F10-G] curvature_safety_v2/cylinder/same_xx step=4000 complete=1/4
[Gate F10-G] curvature_safety_v2/cylinder/same_xx step=5000 complete=2/4
{
  "all_finite": true,
  "checkpoint": "/home/rokey/cacadaca/learning/rl/robot/releases/gate_e7_seed1_it211_20260831_201801/model_gate_e7_seed1_it211.pt",
  "checkpoint_sha256": "c733763bfebd7fcead01cf2574bbd1621c4660b9347143cccb35e0e83449d052",
  "completed": 4,
  "created_utc": "2026-09-01T08:38:01.018335+00:00",
  "curvature_radius_m": 0.6,
  "diagnostic_version": "gate_e6_local_window_area_v1",
  "direction_mode": "same_xx",
  "envs_per_profile": 1,
  "expected": 4,
  "gate": "F10G2_CURVATURE_SAFETY_V2",
  "observation_mode": "base14",
  "path": {
    "direction_mode": "same_xx",
    "edge_mode": "balanced_extend5",
    "lines_per_sweep": 5,
    "path_length_m": 2.1,
    "path_mode": "gate_c",
    "step_over_m": 0.044000000000000004,
    "step_over_ratio": 0.4,
    "sweeps": 2
  },
  "physics_seed": 20260901,
  "policy_seed": 20260831,
  "profiles": [
    "legacy_stress",
    "factory_prepolish",
    "factory_prepolish_deep_defect",
    "factory_prepolish_deep_stress"
  ],
  "safety_interface": "F10_CURVATURE_SAFETY_V2",
  "saved_iteration": 211,
  "shield_mode": "curvature_safety_v2",
  "surface_kind": "cylinder",
  "surface_seed_base": 40000,
  "tile_rows": 100,
  "training_performed": false
}
[INFO]: SimulationContext cleared
Loading user config located at: '/home/rokey/isaacsim-6.0.1/kit/data/Kit/IsaacLab/3.0/user.config.json'
2026-09-01T08:32:45Z [0ms] [Warning] [omni.ext.plugin] [ext: isaaclab_visualizers] Extensions config 'extension.toml' doesn't exist '/home/rokey/IsaacLab/source/isaaclab_visualizers' or '/home/rokey/IsaacLab/source/isaaclab_visualizers/config'
2026-09-01T08:32:45Z [418ms] [Warning] [omni.usd_config.extension] Enable omni.materialx.libs extension to use MaterialX
2026-09-01T08:32:50Z [4,506ms] [Warning] [isaaclab_physx.physics.physx_manager] TGS solver with enable_external_forces_every_iteration=False may cause noisy velocities.
2026-09-01T08:32:50Z [4,639ms] [Warning] [omni.usd] Encountered USD Warnings but USD Diagnostics are currently muted. To view USD Warnings, please set the '/persistent/app/usd/muteUsdDiagnostics' setting to false in Preferences page.
2026-09-01T08:32:51Z [6,287ms] [Warning] [usdrt.population.plugin] Last global time was not created. Did you call setEnableUsdNoticeHandling?
The '--headless' CLI argument is deprecated. Omit '--viz' for default headless. If config visualizers are enabled and you want to force headless, use '--viz none'.
WARNING: All log messages before absl::InitializeLog() is called are written to STDERR
E0000 00:00:1788251881.656384   55386 descriptor_database.cc:633] File already exists in database: grpc/health/v1/health.proto
W0000 00:00:1788251881.656408   55386 message.cc:301] Protobuf GeneratedMessageFactory: File is already registered: grpc/health/v1/health.proto
[ISAACLAB] AppLauncher initialization complete
[INFO]: Base environment:
	Environment device    : cuda:0
	Environment seed      : 20260901
	Physics step-size     : 0.008333333333333333
	Rendering step-size   : 0.05
	Environment step-size : 0.05
[INFO]: Registered backend 'physx' for factory Articulation.
[INFO] Robot /World/envs/env_0/Robot/m0609/m0609: 폴리싱 디스크 생성 완료 → /World/envs/env_0/Robot/m0609/m0609/polishing_contact_pad
[INFO]: Registered backend 'physx' for factory ContactSensor.
[INFO]: Time taken for scene creation Last: 1.401635 s, Mean: 1.401635 s, Std: 0.000000 s, N: 1
[INFO]: Scene manager:  <class InteractiveScene>
	Number of environments: 4
	Environment spacing   : 1.6
	Source prim name      : /World/envs/env_0
	Global prim paths     : []
	Replicate physics     : True
[INFO]: Starting the simulation. This may take a few seconds. Please wait...
[INFO]: Simulation parameters for joints in /World/envs/env_.*/Robot:
+--------------------------------------------------------------------------------------------------------------------------------------------------------------------+
|                                                 Simulation Joint Information (Prim path: /World/envs/env_.*/Robot)                                                 |
+-------+-----------+-----------+---------+----------+-----------------+------------------+------------------+---------------------+-----------------+---------------+
| Index | Name      | Stiffness | Damping | Armature | Static Friction | Dynamic Friction | Viscous Friction |   Position Limits   | Velocity Limits | Effort Limits |
+-------+-----------+-----------+---------+----------+-----------------+------------------+------------------+---------------------+-----------------+---------------+
|   0   | joint_1   |  1.0e+04  | 500.000 |  0.000   |      0.000      |      0.000       |      0.000       |   [-6.283, 6.283]   |      2.618      |    9.6e+03    |
|   1   | joint_2   |  1.0e+04  | 500.000 |  0.000   |      0.000      |      0.000       |      0.000       |   [-6.283, 6.283]   |      2.618      |    9.6e+03    |
|   2   | joint_3   |  1.0e+04  | 500.000 |  0.000   |      0.000      |      0.000       |      0.000       |   [-2.618, 2.618]   |      3.142      |    5.4e+03    |
|   3   | joint_4   |  1.0e+04  | 500.000 |  0.000   |      0.000      |      0.000       |      0.000       |   [-6.283, 6.283]   |      3.927      |    2.7e+03    |
|   4   | joint_5   |  1.0e+04  | 500.000 |  0.000   |      0.000      |      0.000       |      0.000       |   [-6.283, 6.283]   |      3.927      |    2.7e+03    |
|   5   | joint_6   |  1.0e+04  | 500.000 |  0.000   |      0.000      |      0.000       |      0.000       |   [-6.283, 6.283]   |      3.927      |    2.7e+03    |
|   6   | pad_joint |  2.0e+03  | 100.000 |  0.000   |      0.000      |      0.000       |      0.000       | [-3.4e+38, 3.4e+38] |     104.720     |    100.000    |
+-------+-----------+-----------+---------+----------+-----------------+------------------+------------------+---------------------+-----------------+---------------+
[INFO]: Time taken for simulation start Last: 0.781051 s, Mean: 0.781051 s, Std: 0.000000 s, N: 1
[INFO]: Completed setting up the environment...
[RobotPolishEnv] robot feed override 5.946 -> 12.700 mm/s (policy range 6.350~19.050 mm/s)
[RobotPolishEnv] v5 M0609+pad coupled | link_6 contact offset=[-0.0025 -0.02    0.0448] m
[FactoryPlanarRoiPolishEnv] Gate C so=0.40 edge=balanced_extend5 direction=cross_xy path=2.100m
[GateF7CurvedObservationEnv] mode=base14 obs_dim=14
[Gate F10-G] curvature_safety_v2/cylinder/cross_xy step=1000 complete=1/4
[Gate F10-G] curvature_safety_v2/cylinder/cross_xy step=2000 complete=1/4
[Gate F10-G] curvature_safety_v2/cylinder/cross_xy step=3000 complete=1/4
[Gate F10-G] curvature_safety_v2/cylinder/cross_xy step=4000 complete=1/4
[Gate F10-G] curvature_safety_v2/cylinder/cross_xy step=5000 complete=2/4
{
  "all_finite": true,
  "checkpoint": "/home/rokey/cacadaca/learning/rl/robot/releases/gate_e7_seed1_it211_20260831_201801/model_gate_e7_seed1_it211.pt",
  "checkpoint_sha256": "c733763bfebd7fcead01cf2574bbd1621c4660b9347143cccb35e0e83449d052",
  "completed": 4,
  "created_utc": "2026-09-01T08:43:15.193596+00:00",
  "curvature_radius_m": 0.6,
  "diagnostic_version": "gate_e6_local_window_area_v1",
  "direction_mode": "cross_xy",
  "envs_per_profile": 1,
  "expected": 4,
  "gate": "F10G2_CURVATURE_SAFETY_V2",
  "observation_mode": "base14",
  "path": {
    "direction_mode": "cross_xy",
    "edge_mode": "balanced_extend5",
    "lines_per_sweep": 5,
    "path_length_m": 2.1,
    "path_mode": "gate_c",
    "step_over_m": 0.044000000000000004,
    "step_over_ratio": 0.4,
    "sweeps": 2
  },
  "physics_seed": 20260901,
  "policy_seed": 20260831,
  "profiles": [
    "legacy_stress",
    "factory_prepolish",
    "factory_prepolish_deep_defect",
    "factory_prepolish_deep_stress"
  ],
  "safety_interface": "F10_CURVATURE_SAFETY_V2",
  "saved_iteration": 211,
  "shield_mode": "curvature_safety_v2",
  "surface_kind": "cylinder",
  "surface_seed_base": 40000,
  "tile_rows": 100,
  "training_performed": false
}
[INFO]: SimulationContext cleared
Loading user config located at: '/home/rokey/isaacsim-6.0.1/kit/data/Kit/IsaacLab/3.0/user.config.json'
2026-09-01T08:38:01Z [0ms] [Warning] [omni.ext.plugin] [ext: isaaclab_visualizers] Extensions config 'extension.toml' doesn't exist '/home/rokey/IsaacLab/source/isaaclab_visualizers' or '/home/rokey/IsaacLab/source/isaaclab_visualizers/config'
2026-09-01T08:38:02Z [414ms] [Warning] [omni.usd_config.extension] Enable omni.materialx.libs extension to use MaterialX
2026-09-01T08:38:05Z [4,383ms] [Warning] [isaaclab_physx.physics.physx_manager] TGS solver with enable_external_forces_every_iteration=False may cause noisy velocities.
2026-09-01T08:38:06Z [4,510ms] [Warning] [omni.usd] Encountered USD Warnings but USD Diagnostics are currently muted. To view USD Warnings, please set the '/persistent/app/usd/muteUsdDiagnostics' setting to false in Preferences page.
2026-09-01T08:38:08Z [6,419ms] [Warning] [usdrt.population.plugin] Last global time was not created. Did you call setEnableUsdNoticeHandling?
The '--headless' CLI argument is deprecated. Omit '--viz' for default headless. If config visualizers are enabled and you want to force headless, use '--viz none'.
WARNING: All log messages before absl::InitializeLog() is called are written to STDERR
E0000 00:00:1788252195.862038   56072 descriptor_database.cc:633] File already exists in database: grpc/health/v1/health.proto
W0000 00:00:1788252195.862062   56072 message.cc:301] Protobuf GeneratedMessageFactory: File is already registered: grpc/health/v1/health.proto
[ISAACLAB] AppLauncher initialization complete
[INFO]: Base environment:
	Environment device    : cuda:0
	Environment seed      : 20260901
	Physics step-size     : 0.008333333333333333
	Rendering step-size   : 0.05
	Environment step-size : 0.05
[INFO]: Registered backend 'physx' for factory Articulation.
[INFO] Robot /World/envs/env_0/Robot/m0609/m0609: 폴리싱 디스크 생성 완료 → /World/envs/env_0/Robot/m0609/m0609/polishing_contact_pad
[INFO]: Registered backend 'physx' for factory ContactSensor.
[INFO]: Time taken for scene creation Last: 1.224875 s, Mean: 1.224875 s, Std: 0.000000 s, N: 1
[INFO]: Scene manager:  <class InteractiveScene>
	Number of environments: 4
	Environment spacing   : 1.6
	Source prim name      : /World/envs/env_0
	Global prim paths     : []
	Replicate physics     : True
[INFO]: Starting the simulation. This may take a few seconds. Please wait...
[INFO]: Simulation parameters for joints in /World/envs/env_.*/Robot:
+--------------------------------------------------------------------------------------------------------------------------------------------------------------------+
|                                                 Simulation Joint Information (Prim path: /World/envs/env_.*/Robot)                                                 |
+-------+-----------+-----------+---------+----------+-----------------+------------------+------------------+---------------------+-----------------+---------------+
| Index | Name      | Stiffness | Damping | Armature | Static Friction | Dynamic Friction | Viscous Friction |   Position Limits   | Velocity Limits | Effort Limits |
+-------+-----------+-----------+---------+----------+-----------------+------------------+------------------+---------------------+-----------------+---------------+
|   0   | joint_1   |  1.0e+04  | 500.000 |  0.000   |      0.000      |      0.000       |      0.000       |   [-6.283, 6.283]   |      2.618      |    9.6e+03    |
|   1   | joint_2   |  1.0e+04  | 500.000 |  0.000   |      0.000      |      0.000       |      0.000       |   [-6.283, 6.283]   |      2.618      |    9.6e+03    |
|   2   | joint_3   |  1.0e+04  | 500.000 |  0.000   |      0.000      |      0.000       |      0.000       |   [-2.618, 2.618]   |      3.142      |    5.4e+03    |
|   3   | joint_4   |  1.0e+04  | 500.000 |  0.000   |      0.000      |      0.000       |      0.000       |   [-6.283, 6.283]   |      3.927      |    2.7e+03    |
|   4   | joint_5   |  1.0e+04  | 500.000 |  0.000   |      0.000      |      0.000       |      0.000       |   [-6.283, 6.283]   |      3.927      |    2.7e+03    |
|   5   | joint_6   |  1.0e+04  | 500.000 |  0.000   |      0.000      |      0.000       |      0.000       |   [-6.283, 6.283]   |      3.927      |    2.7e+03    |
|   6   | pad_joint |  2.0e+03  | 100.000 |  0.000   |      0.000      |      0.000       |      0.000       | [-3.4e+38, 3.4e+38] |     104.720     |    100.000    |
+-------+-----------+-----------+---------+----------+-----------------+------------------+------------------+---------------------+-----------------+---------------+
[INFO]: Time taken for simulation start Last: 0.766782 s, Mean: 0.766782 s, Std: 0.000000 s, N: 1
[INFO]: Completed setting up the environment...
[RobotPolishEnv] robot feed override 5.946 -> 12.700 mm/s (policy range 6.350~19.050 mm/s)
[RobotPolishEnv] v5 M0609+pad coupled | link_6 contact offset=[-0.0025 -0.02    0.0448] m
[FactoryPlanarRoiPolishEnv] Gate C so=0.40 edge=balanced_extend5 direction=same_xx path=2.100m
[GateF7CurvedObservationEnv] mode=base14 obs_dim=14
[Gate F10-G] curvature_safety_v2/freeform/same_xx step=1000 complete=0/4
[Gate F10-G] curvature_safety_v2/freeform/same_xx step=2000 complete=0/4
[Gate F10-G] curvature_safety_v2/freeform/same_xx step=3000 complete=0/4
[Gate F10-G] curvature_safety_v2/freeform/same_xx step=4000 complete=0/4
[Gate F10-G] curvature_safety_v2/freeform/same_xx step=5000 complete=3/4
{
  "all_finite": true,
  "checkpoint": "/home/rokey/cacadaca/learning/rl/robot/releases/gate_e7_seed1_it211_20260831_201801/model_gate_e7_seed1_it211.pt",
  "checkpoint_sha256": "c733763bfebd7fcead01cf2574bbd1621c4660b9347143cccb35e0e83449d052",
  "completed": 4,
  "created_utc": "2026-09-01T08:49:22.482185+00:00",
  "curvature_radius_m": 0.6,
  "diagnostic_version": "gate_e6_local_window_area_v1",
  "direction_mode": "same_xx",
  "envs_per_profile": 1,
  "expected": 4,
  "gate": "F10G2_CURVATURE_SAFETY_V2",
  "observation_mode": "base14",
  "path": {
    "direction_mode": "same_xx",
    "edge_mode": "balanced_extend5",
    "lines_per_sweep": 5,
    "path_length_m": 2.1,
    "path_mode": "gate_c",
    "step_over_m": 0.044000000000000004,
    "step_over_ratio": 0.4,
    "sweeps": 2
  },
  "physics_seed": 20260901,
  "policy_seed": 20260831,
  "profiles": [
    "legacy_stress",
    "factory_prepolish",
    "factory_prepolish_deep_defect",
    "factory_prepolish_deep_stress"
  ],
  "safety_interface": "F10_CURVATURE_SAFETY_V2",
  "saved_iteration": 211,
  "shield_mode": "curvature_safety_v2",
  "surface_kind": "freeform",
  "surface_seed_base": 40000,
  "tile_rows": 100,
  "training_performed": false
}
[INFO]: SimulationContext cleared
Loading user config located at: '/home/rokey/isaacsim-6.0.1/kit/data/Kit/IsaacLab/3.0/user.config.json'
2026-09-01T08:43:15Z [0ms] [Warning] [omni.ext.plugin] [ext: isaaclab_visualizers] Extensions config 'extension.toml' doesn't exist '/home/rokey/IsaacLab/source/isaaclab_visualizers' or '/home/rokey/IsaacLab/source/isaaclab_visualizers/config'
2026-09-01T08:43:16Z [419ms] [Warning] [omni.usd_config.extension] Enable omni.materialx.libs extension to use MaterialX
2026-09-01T08:43:20Z [4,316ms] [Warning] [isaaclab_physx.physics.physx_manager] TGS solver with enable_external_forces_every_iteration=False may cause noisy velocities.
2026-09-01T08:43:20Z [4,440ms] [Warning] [omni.usd] Encountered USD Warnings but USD Diagnostics are currently muted. To view USD Warnings, please set the '/persistent/app/usd/muteUsdDiagnostics' setting to false in Preferences page.
2026-09-01T08:43:21Z [6,160ms] [Warning] [usdrt.population.plugin] Last global time was not created. Did you call setEnableUsdNoticeHandling?
The '--headless' CLI argument is deprecated. Omit '--viz' for default headless. If config visualizers are enabled and you want to force headless, use '--viz none'.
WARNING: All log messages before absl::InitializeLog() is called are written to STDERR
E0000 00:00:1788252563.147376   56733 descriptor_database.cc:633] File already exists in database: grpc/health/v1/health.proto
W0000 00:00:1788252563.147401   56733 message.cc:301] Protobuf GeneratedMessageFactory: File is already registered: grpc/health/v1/health.proto
[ISAACLAB] AppLauncher initialization complete
[INFO]: Base environment:
	Environment device    : cuda:0
	Environment seed      : 20260901
	Physics step-size     : 0.008333333333333333
	Rendering step-size   : 0.05
	Environment step-size : 0.05
[INFO]: Registered backend 'physx' for factory Articulation.
[INFO] Robot /World/envs/env_0/Robot/m0609/m0609: 폴리싱 디스크 생성 완료 → /World/envs/env_0/Robot/m0609/m0609/polishing_contact_pad
[INFO]: Registered backend 'physx' for factory ContactSensor.
[INFO]: Time taken for scene creation Last: 1.252419 s, Mean: 1.252419 s, Std: 0.000000 s, N: 1
[INFO]: Scene manager:  <class InteractiveScene>
	Number of environments: 4
	Environment spacing   : 1.6
	Source prim name      : /World/envs/env_0
	Global prim paths     : []
	Replicate physics     : True
[INFO]: Starting the simulation. This may take a few seconds. Please wait...
[INFO]: Simulation parameters for joints in /World/envs/env_.*/Robot:
+--------------------------------------------------------------------------------------------------------------------------------------------------------------------+
|                                                 Simulation Joint Information (Prim path: /World/envs/env_.*/Robot)                                                 |
+-------+-----------+-----------+---------+----------+-----------------+------------------+------------------+---------------------+-----------------+---------------+
| Index | Name      | Stiffness | Damping | Armature | Static Friction | Dynamic Friction | Viscous Friction |   Position Limits   | Velocity Limits | Effort Limits |
+-------+-----------+-----------+---------+----------+-----------------+------------------+------------------+---------------------+-----------------+---------------+
|   0   | joint_1   |  1.0e+04  | 500.000 |  0.000   |      0.000      |      0.000       |      0.000       |   [-6.283, 6.283]   |      2.618      |    9.6e+03    |
|   1   | joint_2   |  1.0e+04  | 500.000 |  0.000   |      0.000      |      0.000       |      0.000       |   [-6.283, 6.283]   |      2.618      |    9.6e+03    |
|   2   | joint_3   |  1.0e+04  | 500.000 |  0.000   |      0.000      |      0.000       |      0.000       |   [-2.618, 2.618]   |      3.142      |    5.4e+03    |
|   3   | joint_4   |  1.0e+04  | 500.000 |  0.000   |      0.000      |      0.000       |      0.000       |   [-6.283, 6.283]   |      3.927      |    2.7e+03    |
|   4   | joint_5   |  1.0e+04  | 500.000 |  0.000   |      0.000      |      0.000       |      0.000       |   [-6.283, 6.283]   |      3.927      |    2.7e+03    |
|   5   | joint_6   |  1.0e+04  | 500.000 |  0.000   |      0.000      |      0.000       |      0.000       |   [-6.283, 6.283]   |      3.927      |    2.7e+03    |
|   6   | pad_joint |  2.0e+03  | 100.000 |  0.000   |      0.000      |      0.000       |      0.000       | [-3.4e+38, 3.4e+38] |     104.720     |    100.000    |
+-------+-----------+-----------+---------+----------+-----------------+------------------+------------------+---------------------+-----------------+---------------+
[INFO]: Time taken for simulation start Last: 0.764589 s, Mean: 0.764589 s, Std: 0.000000 s, N: 1
[INFO]: Completed setting up the environment...
[RobotPolishEnv] robot feed override 5.946 -> 12.700 mm/s (policy range 6.350~19.050 mm/s)
[RobotPolishEnv] v5 M0609+pad coupled | link_6 contact offset=[-0.0025 -0.02    0.0448] m
[FactoryPlanarRoiPolishEnv] Gate C so=0.40 edge=balanced_extend5 direction=cross_xy path=2.100m
[GateF7CurvedObservationEnv] mode=base14 obs_dim=14
[Gate F10-G] curvature_safety_v2/freeform/cross_xy step=1000 complete=0/4
[Gate F10-G] curvature_safety_v2/freeform/cross_xy step=2000 complete=0/4
[Gate F10-G] curvature_safety_v2/freeform/cross_xy step=3000 complete=0/4
[Gate F10-G] curvature_safety_v2/freeform/cross_xy step=4000 complete=0/4
[Gate F10-G] curvature_safety_v2/freeform/cross_xy step=5000 complete=3/4
{
  "all_finite": true,
  "checkpoint": "/home/rokey/cacadaca/learning/rl/robot/releases/gate_e7_seed1_it211_20260831_201801/model_gate_e7_seed1_it211.pt",
  "checkpoint_sha256": "c733763bfebd7fcead01cf2574bbd1621c4660b9347143cccb35e0e83449d052",
  "completed": 4,
  "created_utc": "2026-09-01T08:55:36.035890+00:00",
  "curvature_radius_m": 0.6,
  "diagnostic_version": "gate_e6_local_window_area_v1",
  "direction_mode": "cross_xy",
  "envs_per_profile": 1,
  "expected": 4,
  "gate": "F10G2_CURVATURE_SAFETY_V2",
  "observation_mode": "base14",
  "path": {
    "direction_mode": "cross_xy",
    "edge_mode": "balanced_extend5",
    "lines_per_sweep": 5,
    "path_length_m": 2.1,
    "path_mode": "gate_c",
    "step_over_m": 0.044000000000000004,
    "step_over_ratio": 0.4,
    "sweeps": 2
  },
  "physics_seed": 20260901,
  "policy_seed": 20260831,
  "profiles": [
    "legacy_stress",
    "factory_prepolish",
    "factory_prepolish_deep_defect",
    "factory_prepolish_deep_stress"
  ],
  "safety_interface": "F10_CURVATURE_SAFETY_V2",
  "saved_iteration": 211,
  "shield_mode": "curvature_safety_v2",
  "surface_kind": "freeform",
  "surface_seed_base": 40000,
  "tile_rows": 100,
  "training_performed": false
}
[INFO]: SimulationContext cleared
Loading user config located at: '/home/rokey/isaacsim-6.0.1/kit/data/Kit/IsaacLab/3.0/user.config.json'
2026-09-01T08:49:23Z [0ms] [Warning] [omni.ext.plugin] [ext: isaaclab_visualizers] Extensions config 'extension.toml' doesn't exist '/home/rokey/IsaacLab/source/isaaclab_visualizers' or '/home/rokey/IsaacLab/source/isaaclab_visualizers/config'
2026-09-01T08:49:23Z [417ms] [Warning] [omni.usd_config.extension] Enable omni.materialx.libs extension to use MaterialX
2026-09-01T08:49:27Z [4,321ms] [Warning] [isaaclab_physx.physics.physx_manager] TGS solver with enable_external_forces_every_iteration=False may cause noisy velocities.
2026-09-01T08:49:27Z [4,443ms] [Warning] [omni.usd] Encountered USD Warnings but USD Diagnostics are currently muted. To view USD Warnings, please set the '/persistent/app/usd/muteUsdDiagnostics' setting to false in Preferences page.
2026-09-01T08:49:29Z [6,193ms] [Warning] [usdrt.population.plugin] Last global time was not created. Did you call setEnableUsdNoticeHandling?
